2026-08-20 16:27:30,470 - INFO - Checked Code.exe: running
2026-08-20 16:27:39,288 - INFO - Checked DefNotRun.exe: not running
2026-08-20 16:27:42,683 - WARNING - Empty process name entered.
2026-08-20 16:31:42,409 - INFO - Checked Code.exe: running
2026-08-20 16:46:11,557 - INFO - Checked Code.exe: running
2026-08-20 16:46:11,558 - INFO - Checked python.exe: running
2026-08-20 16:46:11,558 - INFO - Checked DefNotRun.exe: not running
2026-08-20 16:47:25,729 - INFO - Checked Code.exe: running
2026-08-20 16:47:25,729 - INFO - Checked python.exe: running
2026-08-20 16:47:25,730 - INFO - Checked DefNotRun.exe: not running
2026-08-20 16:47:45,817 - INFO - Checked Code.exe: running
2026-08-20 16:47:45,819 - INFO - Checked python.exe: running
2026-08-20 16:47:45,833 - INFO - Checked : running
2026-08-20 16:50:07,866 - INFO - Checked Code.exe: running
2026-08-20 16:50:07,866 - INFO - Checked python.exe: running
2026-08-20 16:50:07,867 - INFO - Checked DoesNotExist.exe: not running
2026-08-20 16:55:53,183 - INFO - Checked Code.exe: running
2026-08-20 16:55:53,184 - INFO - Checked python.exe: running
2026-08-20 16:55:53,184 - INFO - Checked DefNotRun.exe: not running
2026-08-20 16:58:17,180 - INFO - Checked Code.exe: running
2026-08-20 17:19:47,519 - INFO - Checked Code.exe: running
2026-08-20 17:19:47,519 - INFO - Checked python.exe: running
2026-08-20 17:19:47,519 - INFO - Checked DefNotRun.exe: not running
